<?xml version="1.0" encoding="utf-8" standalone="no"?>
<test-results xmlns:xsi="http://www.w3.org/2001/XMLSchema-instance" xsi:noNamespaceSchemaLocation="nunit_schema_2.5.xsd" name="Pester" total="29" errors="0" failures="29" not-run="0" inconclusive="0" ignored="0" skipped="0" invalid="0" date="2026-04-17" time="18:20:28">
  <environment user="Abishek" machine-name="VICTUS" cwd="F:\projects\claude-proxy-auto-updater\.worktrees\feature-v6-selector-migration" user-domain="Victus" platform="Microsoft Windows 11 Home Single Language|C:\WINDOWS|\Device\Harddisk0\Partition3" nunit-version="2.5.8.0" os-version="10.0.26200" clr-version="4.0.30319.42000" />
  <culture-info current-culture="en-IN" current-uiculture="en-GB" />
  <test-suite type="Powershell" name="Pester" executed="True" result="Failure" success="False" time="3.2195" asserts="0">
    <results>
      <test-suite type="PowerShell" name="CapabilityRegistry" executed="True" result="Failure" success="False" time="1.1566" asserts="0">
        <results>
          <test-case name="should initialize with default SchemaVersion and empty Models" time="0.6707" asserts="0" success="False" result="Failure" executed="True">
            <failure>
              <message>'-Be' is not a valid Should operator.</message>
              <stack-trace>at line: 42 in C:\Program Files\WindowsPowerShell\Modules\Pester\3.4.0\Functions\Assertions\Should.ps1</stack-trace>
            </failure>
          </test-case>
          <test-case name="should load data from JSON file" time="0.3009" asserts="0" success="False" result="Failure" executed="True">
            <failure>
              <message>Exception setting "Models": "Cannot convert value "@{claude-3-opus=}" to type "System.Collections.Hashtable". Error: "Cannot convert the "@{claude-3-opus=}" value of type "System.Management.Automation.PSCustomObject" to type "System.Collections.Hashtable".""</message>
              <stack-trace>at line: 19 in F:\projects\claude-proxy-auto-updater\.worktrees\feature-v6-selector-migration\src\auto-detection\CapabilityRegistry.ps1</stack-trace>
            </failure>
          </test-case>
          <test-case name="should save data to JSON file" time="0.0552" asserts="0" success="False" result="Failure" executed="True">
            <failure>
              <message>A parameter cannot be found that matches parameter name 'AsHashtable'.</message>
              <stack-trace>at line: 33 in F:\projects\claude-proxy-auto-updater\.worktrees\feature-v6-selector-migration\tests\auto-detection\CapabilityRegistry.Tests.ps1</stack-trace>
            </failure>
          </test-case>
          <test-case name="should get model capabilities" time="0.0672" asserts="0" success="False" result="Failure" executed="True">
            <failure>
              <message>'-Be' is not a valid Should operator.</message>
              <stack-trace>at line: 42 in C:\Program Files\WindowsPowerShell\Modules\Pester\3.4.0\Functions\Assertions\Should.ps1</stack-trace>
            </failure>
          </test-case>
          <test-case name="should update model capabilities" time="0.0626" asserts="0" success="False" result="Failure" executed="True">
            <failure>
              <message>'-Be' is not a valid Should operator.</message>
              <stack-trace>at line: 42 in C:\Program Files\WindowsPowerShell\Modules\Pester\3.4.0\Functions\Assertions\Should.ps1</stack-trace>
            </failure>
          </test-case>
        </results>
      </test-suite>
      <test-suite type="PowerShell" name="PerformanceCache" executed="True" result="Failure" success="False" time="0.6413" asserts="0">
        <results>
          <test-case name="should initialize with default WindowSize and empty Models" time="0.2519" asserts="0" success="False" result="Failure" executed="True">
            <failure>
              <message>'-Be' is not a valid Should operator.</message>
              <stack-trace>at line: 42 in C:\Program Files\WindowsPowerShell\Modules\Pester\3.4.0\Functions\Assertions\Should.ps1</stack-trace>
            </failure>
          </test-case>
          <test-case name="should load data from JSON file" time="0.0379" asserts="0" success="False" result="Failure" executed="True">
            <failure>
              <message>A parameter cannot be found that matches parameter name 'AsHashtable'.</message>
              <stack-trace>at line: 12 in F:\projects\claude-proxy-auto-updater\.worktrees\feature-v6-selector-migration\src\auto-detection\PerformanceCache.ps1</stack-trace>
            </failure>
          </test-case>
          <test-case name="should save data to JSON file" time="0.1042" asserts="0" success="False" result="Failure" executed="True">
            <failure>
              <message>A parameter cannot be found that matches parameter name 'AsHashtable'.</message>
              <stack-trace>at line: 41 in F:\projects\claude-proxy-auto-updater\.worktrees\feature-v6-selector-migration\tests\auto-detection\PerformanceCache.Tests.ps1</stack-trace>
            </failure>
          </test-case>
          <test-case name="should add model data and enforce window size" time="0.1183" asserts="0" success="False" result="Failure" executed="True">
            <failure>
              <message>'-Be' is not a valid Should operator.</message>
              <stack-trace>at line: 42 in C:\Program Files\WindowsPowerShell\Modules\Pester\3.4.0\Functions\Assertions\Should.ps1</stack-trace>
            </failure>
          </test-case>
          <test-case name="should update scores with correct stats" time="0.0671" asserts="0" success="False" result="Failure" executed="True">
            <failure>
              <message>'-BeBetween' is not a valid Should operator.</message>
              <stack-trace>at line: 42 in C:\Program Files\WindowsPowerShell\Modules\Pester\3.4.0\Functions\Assertions\Should.ps1</stack-trace>
            </failure>
          </test-case>
          <test-case name="should return zeros for unknown model" time="0.0618" asserts="0" success="False" result="Failure" executed="True">
            <failure>
              <message>'-Be' is not a valid Should operator.</message>
              <stack-trace>at line: 42 in C:\Program Files\WindowsPowerShell\Modules\Pester\3.4.0\Functions\Assertions\Should.ps1</stack-trace>
            </failure>
          </test-case>
        </results>
      </test-suite>
      <test-suite type="PowerShell" name="RoleDetector" executed="True" result="Failure" success="False" time="1.3323" asserts="0">
        <results>
          <test-case name="should return 'fast' for small model IDs" time="0.1883" asserts="0" success="False" result="Failure" executed="True">
            <failure>
              <message>'-Be' is not a valid Should operator.</message>
              <stack-trace>at line: 42 in C:\Program Files\WindowsPowerShell\Modules\Pester\3.4.0\Functions\Assertions\Should.ps1</stack-trace>
            </failure>
          </test-case>
          <test-case name="should return 'heavy' for large model IDs" time="0.0612" asserts="0" success="False" result="Failure" executed="True">
            <failure>
              <message>'-Be' is not a valid Should operator.</message>
              <stack-trace>at line: 42 in C:\Program Files\WindowsPowerShell\Modules\Pester\3.4.0\Functions\Assertions\Should.ps1</stack-trace>
            </failure>
          </test-case>
          <test-case name="should return 'balanced' for medium model IDs" time="0.0605" asserts="0" success="False" result="Failure" executed="True">
            <failure>
              <message>'-Be' is not a valid Should operator.</message>
              <stack-trace>at line: 42 in C:\Program Files\WindowsPowerShell\Modules\Pester\3.4.0\Functions\Assertions\Should.ps1</stack-trace>
            </failure>
          </test-case>
          <test-case name="should promote from fast to balanced when thresholds are met" time="0.1255" asserts="0" success="False" result="Failure" executed="True">
            <failure>
              <message>'-Be' is not a valid Should operator.</message>
              <stack-trace>at line: 42 in C:\Program Files\WindowsPowerShell\Modules\Pester\3.4.0\Functions\Assertions\Should.ps1</stack-trace>
            </failure>
          </test-case>
          <test-case name="should not promote from fast to balanced when stability score is too low" time="0.0574" asserts="0" success="False" result="Failure" executed="True">
            <failure>
              <message>'-Be' is not a valid Should operator.</message>
              <stack-trace>at line: 42 in C:\Program Files\WindowsPowerShell\Modules\Pester\3.4.0\Functions\Assertions\Should.ps1</stack-trace>
            </failure>
          </test-case>
          <test-case name="should not promote from fast to balanced when latency variance is too high" time="0.0675" asserts="0" success="False" result="Failure" executed="True">
            <failure>
              <message>'-Be' is not a valid Should operator.</message>
              <stack-trace>at line: 42 in C:\Program Files\WindowsPowerShell\Modules\Pester\3.4.0\Functions\Assertions\Should.ps1</stack-trace>
            </failure>
          </test-case>
          <test-case name="should not promote from fast to balanced when success rate is too low" time="0.0641" asserts="0" success="False" result="Failure" executed="True">
            <failure>
              <message>'-Be' is not a valid Should operator.</message>
              <stack-trace>at line: 42 in C:\Program Files\WindowsPowerShell\Modules\Pester\3.4.0\Functions\Assertions\Should.ps1</stack-trace>
            </failure>
          </test-case>
          <test-case name="should promote from balanced to heavy when thresholds are met" time="0.0635" asserts="0" success="False" result="Failure" executed="True">
            <failure>
              <message>'-Be' is not a valid Should operator.</message>
              <stack-trace>at line: 42 in C:\Program Files\WindowsPowerShell\Modules\Pester\3.4.0\Functions\Assertions\Should.ps1</stack-trace>
            </failure>
          </test-case>
          <test-case name="should not promote from balanced to heavy when latency variance exceeds threshold" time="0.0633" asserts="0" success="False" result="Failure" executed="True">
            <failure>
              <message>'-Be' is not a valid Should operator.</message>
              <stack-trace>at line: 42 in C:\Program Files\WindowsPowerShell\Modules\Pester\3.4.0\Functions\Assertions\Should.ps1</stack-trace>
            </failure>
          </test-case>
          <test-case name="should not promote from heavy to anything" time="0.0853" asserts="0" success="False" result="Failure" executed="True">
            <failure>
              <message>'-Be' is not a valid Should operator.</message>
              <stack-trace>at line: 42 in C:\Program Files\WindowsPowerShell\Modules\Pester\3.4.0\Functions\Assertions\Should.ps1</stack-trace>
            </failure>
          </test-case>
          <test-case name="should return 'balanced' as target for 'fast' role" time="0.0865" asserts="0" success="False" result="Failure" executed="True">
            <failure>
              <message>'-Be' is not a valid Should operator.</message>
              <stack-trace>at line: 42 in C:\Program Files\WindowsPowerShell\Modules\Pester\3.4.0\Functions\Assertions\Should.ps1</stack-trace>
            </failure>
          </test-case>
          <test-case name="should return 'heavy' as target for 'balanced' role" time="0.0668" asserts="0" success="False" result="Failure" executed="True">
            <failure>
              <message>'-Be' is not a valid Should operator.</message>
              <stack-trace>at line: 42 in C:\Program Files\WindowsPowerShell\Modules\Pester\3.4.0\Functions\Assertions\Should.ps1</stack-trace>
            </failure>
          </test-case>
          <test-case name="should return 'heavy' as target for 'heavy' role" time="0.0586" asserts="0" success="False" result="Failure" executed="True">
            <failure>
              <message>'-Be' is not a valid Should operator.</message>
              <stack-trace>at line: 42 in C:\Program Files\WindowsPowerShell\Modules\Pester\3.4.0\Functions\Assertions\Should.ps1</stack-trace>
            </failure>
          </test-case>
          <test-case name="should return 'balanced' as target for unknown role" time="0.0599" asserts="0" success="False" result="Failure" executed="True">
            <failure>
              <message>'-Be' is not a valid Should operator.</message>
              <stack-trace>at line: 42 in C:\Program Files\WindowsPowerShell\Modules\Pester\3.4.0\Functions\Assertions\Should.ps1</stack-trace>
            </failure>
          </test-case>
          <test-case name="should return correct analysis for fast -&gt; balanced promotion eligibility" time="0.099" asserts="0" success="False" result="Failure" executed="True">
            <failure>
              <message>'-Be' is not a valid Should operator.</message>
              <stack-trace>at line: 42 in C:\Program Files\WindowsPowerShell\Modules\Pester\3.4.0\Functions\Assertions\Should.ps1</stack-trace>
            </failure>
          </test-case>
          <test-case name="should return correct analysis for balanced -&gt; heavy promotion eligibility" time="0.0611" asserts="0" success="False" result="Failure" executed="True">
            <failure>
              <message>'-Be' is not a valid Should operator.</message>
              <stack-trace>at line: 42 in C:\Program Files\WindowsPowerShell\Modules\Pester\3.4.0\Functions\Assertions\Should.ps1</stack-trace>
            </failure>
          </test-case>
          <test-case name="should return correct analysis for heavy role (no promotion)" time="0.0639" asserts="0" success="False" result="Failure" executed="True">
            <failure>
              <message>'-Be' is not a valid Should operator.</message>
              <stack-trace>at line: 42 in C:\Program Files\WindowsPowerShell\Modules\Pester\3.4.0\Functions\Assertions\Should.ps1</stack-trace>
            </failure>
          </test-case>
        </results>
      </test-suite>
      <test-suite type="PowerShell" name="RoleDetector - Edge Cases" executed="True" result="Failure" success="False" time="0.0892" asserts="0">
        <results>
          <test-case name="should handle case-insensitive model IDs" time="0.0892" asserts="0" success="False" result="Failure" executed="True">
            <failure>
              <message>'-Be' is not a valid Should operator.</message>
              <stack-trace>at line: 42 in C:\Program Files\WindowsPowerShell\Modules\Pester\3.4.0\Functions\Assertions\Should.ps1</stack-trace>
            </failure>
          </test-case>
        </results>
      </test-suite>
    </results>
  </test-suite>
</test-results>